// Jest Snapshot v1, https://goo.gl/fbAQLP

exports[`Snapshot Should render correctly 1`] = `
<div
  className="makeStyles-linkContainer-1"
  data-test="link-group"
>
  <a
    aria-disabled={false}
    className="MuiButtonBase-root MuiButton-root MuiButton-contained makeStyles-linkButton-2"
    data-test="link-button"
    href="link1"
    onBlur={[Function]}
    onDragLeave={[Function]}
    onFocus={[Function]}
    onKeyDown={[Function]}
    onKeyUp={[Function]}
    onMouseDown={[Function]}
    onMouseLeave={[Function]}
    onMouseUp={[Function]}
    onTouchEnd={[Function]}
    onTouchMove={[Function]}
    onTouchStart={[Function]}
    rel="noopener noreferrer"
    tabIndex={0}
    target="_blank"
  >
    <span
      className="MuiButton-label"
    >
      <span
        className="MuiTypography-root makeStyles-linkTitle-3 MuiTypography-h5"
      >
        name1
      </span>
      <img
        alt="favicon"
        className="makeStyles-linkFavicon-4"
        data-test="favicon"
        src="favicon1"
      />
    </span>
  </a>
  <a
    aria-disabled={false}
    className="MuiButtonBase-root MuiButton-root MuiButton-contained makeStyles-linkButton-2"
    data-test="link-button"
    href="link2"
    onBlur={[Function]}
    onDragLeave={[Function]}
    onFocus={[Function]}
    onKeyDown={[Function]}
    onKeyUp={[Function]}
    onMouseDown={[Function]}
    onMouseLeave={[Function]}
    onMouseUp={[Function]}
    onTouchEnd={[Function]}
    onTouchMove={[Function]}
    onTouchStart={[Function]}
    rel="noopener noreferrer"
    tabIndex={0}
    target="_blank"
  >
    <span
      className="MuiButton-label"
    >
      <span
        className="MuiTypography-root makeStyles-linkTitle-3 MuiTypography-h5"
      >
        name2
      </span>
      <img
        alt="favicon"
        className="makeStyles-linkFavicon-4"
        data-test="favicon"
        src="favicon2"
      />
    </span>
  </a>
  <a
    aria-disabled={false}
    className="MuiButtonBase-root MuiButton-root MuiButton-contained makeStyles-linkButton-2"
    data-test="link-button"
    href="link3"
    onBlur={[Function]}
    onDragLeave={[Function]}
    onFocus={[Function]}
    onKeyDown={[Function]}
    onKeyUp={[Function]}
    onMouseDown={[Function]}
    onMouseLeave={[Function]}
    onMouseUp={[Function]}
    onTouchEnd={[Function]}
    onTouchMove={[Function]}
    onTouchStart={[Function]}
    rel="noopener noreferrer"
    tabIndex={0}
    target="_blank"
  >
    <span
      className="MuiButton-label"
    >
      <span
        className="MuiTypography-root makeStyles-linkTitle-3 MuiTypography-h5"
      >
        name3
      </span>
      <img
        alt="favicon"
        className="makeStyles-linkFavicon-4"
        data-test="favicon"
        src="favicon3"
      />
    </span>
  </a>
</div>
`;
