// Jest Snapshot v1, https://goo.gl/fbAQLP

exports[`renders correctly 1`] = `
<div
  className="makeStyles-clockContainer-1"
>
  <div
    data-test="time"
  >
    <span
      className="MuiTypography-root MuiTypography-h3"
    >
      00:00:00
    </span>
  </div>
  <div
    data-test="date"
  >
    <span
      className="MuiTypography-root MuiTypography-h3"
    >
      00/00/0000
    </span>
  </div>
</div>
`;
