// Jest Snapshot v1, https://goo.gl/fbAQLP

exports[` 1`] = `
<a
  aria-disabled={false}
  className="MuiButtonBase-root MuiButton-root MuiButton-contained makeStyles-linkButton-1"
  data-test="link-button"
  href="link"
  onBlur={[Function]}
  onDragLeave={[Function]}
  onFocus={[Function]}
  onKeyDown={[Function]}
  onKeyUp={[Function]}
  onMouseDown={[Function]}
  onMouseLeave={[Function]}
  onMouseUp={[Function]}
  onTouchEnd={[Function]}
  onTouchMove={[Function]}
  onTouchStart={[Function]}
  rel="noopener noreferrer"
  tabIndex={0}
  target="_blank"
>
  <span
    className="MuiButton-label"
  >
    <span
      className="MuiTypography-root makeStyles-linkTitle-2 MuiTypography-h5"
    >
      name
    </span>
    <img
      alt="favicon"
      className="makeStyles-linkFavicon-3"
      data-test="favicon"
      src="favicon"
    />
  </span>
</a>
`;
