// Jest Snapshot v1, https://goo.gl/fbAQLP

exports[` 1`] = `
<div
  className="MuiPaper-root makeStyles-linkButton-2 MuiPaper-elevation1 MuiPaper-rounded"
>
  <a
    className="makeStyles-link-1"
    data-test="link-button"
    href="link"
    rel="noopener noreferrer"
    target="_blank"
  >
    <span
      className="MuiTypography-root makeStyles-linkTitle-3 MuiTypography-h5"
    >
      name
    </span>
    <img
      alt="favicon"
      className="makeStyles-linkFavicon-4"
      data-test="favicon"
      src="favicon"
    />
  </a>
</div>
`;
